../Drivers/CMSIS/Include/core_cm4.h:1688:22:__NVIC_EnableIRQ	16	static
../Core/Src/main.c:80:5:main	8	static
../Core/Src/main.c:139:6:run_tests	24	static
../Core/Src/main.c:205:6:configure_output	16	static
../Core/Src/main.c:222:5:configure_input	16	static
../Core/Src/main.c:233:6:configure_input_pullup	16	static
../Core/Src/main.c:244:6:configure_input_pulldown	16	static
../Core/Src/main.c:256:5:configure_analog_input	16	static
../Core/Src/main.c:268:6:configure_sleep_mode	16	static
../Core/Src/main.c:313:6:wakeUp	16	static,ignoring_inline_asm
../Core/Src/main.c:346:6:EXTI15_10_IRQHandler	8	static
../Core/Src/main.c:361:5:analogRead	24	static
../Core/Src/main.c:386:6:pinMode	16	static
../Core/Src/main.c:413:5:digitalRead	24	static
../Core/Src/main.c:429:6:digitalWrite	16	static
../Core/Src/main.c:449:5:command_read	16	static
../Core/Src/main.c:454:5:command_write	32	static
../Core/Src/main.c:462:5:crc_encode	40	static
../Core/Src/main.c:480:5:crc_decode	24	static
../Core/Src/main.c:499:6:SystemClock_Config	88	static
../Core/Src/main.c:547:6:MX_USART2_UART_Init	8	static
../Core/Src/main.c:580:6:MX_GPIO_Init	48	static
../Core/Src/main.c:616:6:Error_Handler	4	static,ignoring_inline_asm
