../Drivers/CMSIS/Include/core_cm4.h:1688:22:__NVIC_EnableIRQ	16	static
../Core/Src/main.c:80:5:main	16	static
../Core/Src/main.c:142:6:run_tests	24	static
../Core/Src/main.c:208:6:configure_output	16	static
../Core/Src/main.c:225:5:configure_input	16	static
../Core/Src/main.c:236:6:configure_input_pullup	16	static
../Core/Src/main.c:247:6:configure_input_pulldown	16	static
../Core/Src/main.c:259:5:configure_analog_input	16	static
../Core/Src/main.c:271:6:configure_sleep_mode	16	static
../Core/Src/main.c:316:6:wakeUp	16	static,ignoring_inline_asm
../Core/Src/main.c:366:6:EXTI15_10_IRQHandler	8	static
../Core/Src/main.c:381:5:analogRead	24	static
../Core/Src/main.c:406:6:pinMode	16	static
../Core/Src/main.c:433:5:digitalRead	24	static
../Core/Src/main.c:449:6:digitalWrite	16	static
../Core/Src/main.c:468:5:command_read	16	static
../Core/Src/main.c:473:5:command_write	32	static
../Core/Src/main.c:481:5:crc_encode	40	static
../Core/Src/main.c:499:5:crc_decode	24	static
../Core/Src/main.c:518:6:SystemClock_Config	88	static
../Core/Src/main.c:566:6:MX_USART2_UART_Init	8	static
../Core/Src/main.c:599:6:MX_GPIO_Init	48	static
../Core/Src/main.c:635:6:Error_Handler	4	static,ignoring_inline_asm
