../Core/Src/main.c:79:5:main	16	static
../Core/Src/main.c:133:6:run_tests	24	static
../Core/Src/main.c:199:6:configure_output	16	static
../Core/Src/main.c:216:5:configure_input	16	static
../Core/Src/main.c:227:6:configure_input_pullup	16	static
../Core/Src/main.c:238:6:configure_input_pulldown	16	static
../Core/Src/main.c:250:5:configure_analog_input	16	static
../Core/Src/main.c:262:5:sleepmode	16	static
../Core/Src/main.c:297:6:HAL_GPIO_EXTI_Callback	24	static
../Core/Src/main.c:314:5:analogRead	24	static
../Core/Src/main.c:339:6:pinMode	16	static
../Core/Src/main.c:366:5:digitalRead	24	static
../Core/Src/main.c:382:6:digitalWrite	16	static
../Core/Src/main.c:402:5:command_read	16	static
../Core/Src/main.c:407:5:command_write	32	static
../Core/Src/main.c:415:5:crc_encode	40	static
../Core/Src/main.c:433:5:crc_decode	24	static
../Core/Src/main.c:452:6:SystemClock_Config	88	static
../Core/Src/main.c:500:6:MX_USART2_UART_Init	8	static
../Core/Src/main.c:533:6:MX_GPIO_Init	48	static
../Core/Src/main.c:569:6:Error_Handler	4	static,ignoring_inline_asm
