../Drivers/CMSIS/Include/core_cm4.h:1688:22:__NVIC_EnableIRQ	16	static
../Core/Src/main.c:79:5:main	16	static
../Core/Src/main.c:131:6:run_tests	24	static
../Core/Src/main.c:197:6:configure_output	16	static
../Core/Src/main.c:214:5:configure_input	16	static
../Core/Src/main.c:225:6:configure_input_pullup	16	static
../Core/Src/main.c:236:6:configure_input_pulldown	16	static
../Core/Src/main.c:248:5:configure_analog_input	16	static
../Core/Src/main.c:260:6:configure_sleep_mode	16	static
../Core/Src/main.c:305:6:wakeUp	16	static,ignoring_inline_asm
../Core/Src/main.c:338:6:EXTI15_10_IRQHandler	8	static
../Core/Src/main.c:353:5:analogRead	24	static
../Core/Src/main.c:378:6:pinMode	16	static
../Core/Src/main.c:405:5:digitalRead	24	static
../Core/Src/main.c:421:6:digitalWrite	16	static
../Core/Src/main.c:441:5:command_read	16	static
../Core/Src/main.c:446:5:command_write	32	static
../Core/Src/main.c:454:5:crc_encode	40	static
../Core/Src/main.c:472:5:crc_decode	24	static
../Core/Src/main.c:491:6:SystemClock_Config	88	static
../Core/Src/main.c:539:6:MX_USART2_UART_Init	8	static
../Core/Src/main.c:572:6:MX_GPIO_Init	48	static
../Core/Src/main.c:608:6:Error_Handler	4	static,ignoring_inline_asm
